producer cpu:      2 (siblings: 0,2)
consumer cpu list: 1,3
consumers per run: 1 2 4  (wrapping over the list above)

rate fraction: 25% of saturation
thermal gate: package at 76C, waiting for <60C...
thermal gate: at 58C after 5s, C-states redisabled, continuing
N=1 zcring  size=64       n=50000   gap=100    rep=1
N=1 pipe    size=64       n=50000   gap=100    rep=1
N=1 unix    size=64       n=50000   gap=100    rep=1
N=1 zcring  size=64       n=50000   gap=100    rep=2
N=1 pipe    size=64       n=50000   gap=100    rep=2
N=1 unix    size=64       n=50000   gap=100    rep=2
N=1 zcring  size=64       n=50000   gap=100    rep=3
N=1 pipe    size=64       n=50000   gap=100    rep=3
N=1 unix    size=64       n=50000   gap=100    rep=3
N=1 zcring  size=64       n=50000   gap=100    rep=4
N=1 pipe    size=64       n=50000   gap=100    rep=4
N=1 unix    size=64       n=50000   gap=100    rep=4
N=1 zcring  size=64       n=50000   gap=100    rep=5
N=1 pipe    size=64       n=50000   gap=100    rep=5
N=1 unix    size=64       n=50000   gap=100    rep=5
thermal gate: package at 82C, waiting for <60C...
thermal gate: at 58C after 10s, C-states redisabled, continuing
N=1 zcring  size=256      n=50000   gap=100    rep=1
N=1 pipe    size=256      n=50000   gap=100    rep=1
N=1 unix    size=256      n=50000   gap=100    rep=1
N=1 zcring  size=256      n=50000   gap=100    rep=2
N=1 pipe    size=256      n=50000   gap=100    rep=2
N=1 unix    size=256      n=50000   gap=100    rep=2
N=1 zcring  size=256      n=50000   gap=100    rep=3
N=1 pipe    size=256      n=50000   gap=100    rep=3
N=1 unix    size=256      n=50000   gap=100    rep=3
N=1 zcring  size=256      n=50000   gap=100    rep=4
N=1 pipe    size=256      n=50000   gap=100    rep=4
N=1 unix    size=256      n=50000   gap=100    rep=4
N=1 zcring  size=256      n=50000   gap=100    rep=5
N=1 pipe    size=256      n=50000   gap=100    rep=5
N=1 unix    size=256      n=50000   gap=100    rep=5
thermal gate: package at 80C, waiting for <60C...
thermal gate: at 59C after 5s, C-states redisabled, continuing
N=1 zcring  size=1024     n=50000   gap=100    rep=1
N=1 pipe    size=1024     n=50000   gap=100    rep=1
N=1 unix    size=1024     n=50000   gap=100    rep=1
N=1 zcring  size=1024     n=50000   gap=100    rep=2
N=1 pipe    size=1024     n=50000   gap=100    rep=2
N=1 unix    size=1024     n=50000   gap=100    rep=2
N=1 zcring  size=1024     n=50000   gap=100    rep=3
N=1 pipe    size=1024     n=50000   gap=100    rep=3
N=1 unix    size=1024     n=50000   gap=100    rep=3
N=1 zcring  size=1024     n=50000   gap=100    rep=4
N=1 pipe    size=1024     n=50000   gap=100    rep=4
N=1 unix    size=1024     n=50000   gap=100    rep=4
N=1 zcring  size=1024     n=50000   gap=100    rep=5
N=1 pipe    size=1024     n=50000   gap=100    rep=5
N=1 unix    size=1024     n=50000   gap=100    rep=5
thermal gate: package at 83C, waiting for <60C...
thermal gate: at 59C after 10s, C-states redisabled, continuing
N=1 zcring  size=4096     n=50000   gap=100    rep=1
N=1 pipe    size=4096     n=50000   gap=100    rep=1
N=1 unix    size=4096     n=50000   gap=100    rep=1
N=1 zcring  size=4096     n=50000   gap=100    rep=2
N=1 pipe    size=4096     n=50000   gap=100    rep=2
N=1 unix    size=4096     n=50000   gap=100    rep=2
N=1 zcring  size=4096     n=50000   gap=100    rep=3
N=1 pipe    size=4096     n=50000   gap=100    rep=3
N=1 unix    size=4096     n=50000   gap=100    rep=3
N=1 zcring  size=4096     n=50000   gap=100    rep=4
N=1 pipe    size=4096     n=50000   gap=100    rep=4
N=1 unix    size=4096     n=50000   gap=100    rep=4
N=1 zcring  size=4096     n=50000   gap=100    rep=5
N=1 pipe    size=4096     n=50000   gap=100    rep=5
N=1 unix    size=4096     n=50000   gap=100    rep=5
thermal gate: package at 85C, waiting for <60C...
thermal gate: at 59C after 15s, C-states redisabled, continuing
N=1 zcring  size=16384    n=50000   gap=100    rep=1
N=1 pipe    size=16384    n=50000   gap=100    rep=1
N=1 unix    size=16384    n=50000   gap=100    rep=1
N=1 zcring  size=16384    n=50000   gap=100    rep=2
N=1 pipe    size=16384    n=50000   gap=100    rep=2
N=1 unix    size=16384    n=50000   gap=100    rep=2
N=1 zcring  size=16384    n=50000   gap=100    rep=3
N=1 pipe    size=16384    n=50000   gap=100    rep=3
N=1 unix    size=16384    n=50000   gap=100    rep=3
N=1 zcring  size=16384    n=50000   gap=100    rep=4
N=1 pipe    size=16384    n=50000   gap=100    rep=4
N=1 unix    size=16384    n=50000   gap=100    rep=4
N=1 zcring  size=16384    n=50000   gap=100    rep=5
N=1 pipe    size=16384    n=50000   gap=100    rep=5
N=1 unix    size=16384    n=50000   gap=100    rep=5
thermal gate: package at 86C, waiting for <60C...
thermal gate: at 59C after 15s, C-states redisabled, continuing
N=1 zcring  size=65536    n=50000   gap=124    rep=1
N=1 pipe    size=65536    n=50000   gap=124    rep=1
N=1 unix    size=65536    n=50000   gap=124    rep=1
N=1 zcring  size=65536    n=50000   gap=124    rep=2
N=1 pipe    size=65536    n=50000   gap=124    rep=2
N=1 unix    size=65536    n=50000   gap=124    rep=2
N=1 zcring  size=65536    n=50000   gap=124    rep=3
N=1 pipe    size=65536    n=50000   gap=124    rep=3
N=1 unix    size=65536    n=50000   gap=124    rep=3
N=1 zcring  size=65536    n=50000   gap=124    rep=4
N=1 pipe    size=65536    n=50000   gap=124    rep=4
N=1 unix    size=65536    n=50000   gap=124    rep=4
N=1 zcring  size=65536    n=50000   gap=124    rep=5
N=1 pipe    size=65536    n=50000   gap=124    rep=5
N=1 unix    size=65536    n=50000   gap=124    rep=5
thermal gate: package at 87C, waiting for <60C...
thermal gate: at 59C after 15s, C-states redisabled, continuing
N=1 zcring  size=262144   n=5000    gap=500    rep=1
N=1 pipe    size=262144   n=5000    gap=500    rep=1
N=1 unix    size=262144   n=5000    gap=500    rep=1
N=1 zcring  size=262144   n=5000    gap=500    rep=2
N=1 pipe    size=262144   n=5000    gap=500    rep=2
N=1 unix    size=262144   n=5000    gap=500    rep=2
N=1 zcring  size=262144   n=5000    gap=500    rep=3
N=1 pipe    size=262144   n=5000    gap=500    rep=3
N=1 unix    size=262144   n=5000    gap=500    rep=3
N=1 zcring  size=262144   n=5000    gap=500    rep=4
N=1 pipe    size=262144   n=5000    gap=500    rep=4
N=1 unix    size=262144   n=5000    gap=500    rep=4
N=1 zcring  size=262144   n=5000    gap=500    rep=5
N=1 pipe    size=262144   n=5000    gap=500    rep=5
N=1 unix    size=262144   n=5000    gap=500    rep=5
thermal gate: package at 84C, waiting for <60C...
thermal gate: at 59C after 15s, C-states redisabled, continuing
N=1 zcring  size=1048576  n=1250    gap=2000   rep=1
N=1 pipe    size=1048576  n=1250    gap=2000   rep=1
N=1 unix    size=1048576  n=1250    gap=2000   rep=1
N=1 zcring  size=1048576  n=1250    gap=2000   rep=2
N=1 pipe    size=1048576  n=1250    gap=2000   rep=2
N=1 unix    size=1048576  n=1250    gap=2000   rep=2
N=1 zcring  size=1048576  n=1250    gap=2000   rep=3
N=1 pipe    size=1048576  n=1250    gap=2000   rep=3
N=1 unix    size=1048576  n=1250    gap=2000   rep=3
N=1 zcring  size=1048576  n=1250    gap=2000   rep=4
N=1 pipe    size=1048576  n=1250    gap=2000   rep=4
N=1 unix    size=1048576  n=1250    gap=2000   rep=4
N=1 zcring  size=1048576  n=1250    gap=2000   rep=5
N=1 pipe    size=1048576  n=1250    gap=2000   rep=5
N=1 unix    size=1048576  n=1250    gap=2000   rep=5
thermal gate: package at 86C, waiting for <60C...
thermal gate: at 58C after 15s, C-states redisabled, continuing
N=2 zcring  size=64       n=25000   gap=100    rep=1
N=2 pipe    size=64       n=25000   gap=100    rep=1
N=2 unix    size=64       n=25000   gap=100    rep=1
N=2 zcring  size=64       n=25000   gap=100    rep=2
N=2 pipe    size=64       n=25000   gap=100    rep=2
N=2 unix    size=64       n=25000   gap=100    rep=2
N=2 zcring  size=64       n=25000   gap=100    rep=3
N=2 pipe    size=64       n=25000   gap=100    rep=3
N=2 unix    size=64       n=25000   gap=100    rep=3
N=2 zcring  size=64       n=25000   gap=100    rep=4
N=2 pipe    size=64       n=25000   gap=100    rep=4
N=2 unix    size=64       n=25000   gap=100    rep=4
N=2 zcring  size=64       n=25000   gap=100    rep=5
N=2 pipe    size=64       n=25000   gap=100    rep=5
N=2 unix    size=64       n=25000   gap=100    rep=5
thermal gate: package at 84C, waiting for <60C...
thermal gate: at 59C after 10s, C-states redisabled, continuing
N=2 zcring  size=256      n=25000   gap=100    rep=1
N=2 pipe    size=256      n=25000   gap=100    rep=1
N=2 unix    size=256      n=25000   gap=100    rep=1
N=2 zcring  size=256      n=25000   gap=100    rep=2
N=2 pipe    size=256      n=25000   gap=100    rep=2
N=2 unix    size=256      n=25000   gap=100    rep=2
N=2 zcring  size=256      n=25000   gap=100    rep=3
N=2 pipe    size=256      n=25000   gap=100    rep=3
N=2 unix    size=256      n=25000   gap=100    rep=3
N=2 zcring  size=256      n=25000   gap=100    rep=4
N=2 pipe    size=256      n=25000   gap=100    rep=4
N=2 unix    size=256      n=25000   gap=100    rep=4
N=2 zcring  size=256      n=25000   gap=100    rep=5
N=2 pipe    size=256      n=25000   gap=100    rep=5
N=2 unix    size=256      n=25000   gap=100    rep=5
thermal gate: package at 86C, waiting for <60C...
thermal gate: at 58C after 15s, C-states redisabled, continuing
N=2 zcring  size=1024     n=25000   gap=100    rep=1
N=2 pipe    size=1024     n=25000   gap=100    rep=1
N=2 unix    size=1024     n=25000   gap=100    rep=1
N=2 zcring  size=1024     n=25000   gap=100    rep=2
N=2 pipe    size=1024     n=25000   gap=100    rep=2
N=2 unix    size=1024     n=25000   gap=100    rep=2
N=2 zcring  size=1024     n=25000   gap=100    rep=3
N=2 pipe    size=1024     n=25000   gap=100    rep=3
N=2 unix    size=1024     n=25000   gap=100    rep=3
N=2 zcring  size=1024     n=25000   gap=100    rep=4
N=2 pipe    size=1024     n=25000   gap=100    rep=4
N=2 unix    size=1024     n=25000   gap=100    rep=4
N=2 zcring  size=1024     n=25000   gap=100    rep=5
N=2 pipe    size=1024     n=25000   gap=100    rep=5
N=2 unix    size=1024     n=25000   gap=100    rep=5
thermal gate: package at 85C, waiting for <60C...
thermal gate: at 59C after 10s, C-states redisabled, continuing
N=2 zcring  size=4096     n=25000   gap=100    rep=1
N=2 pipe    size=4096     n=25000   gap=100    rep=1
N=2 unix    size=4096     n=25000   gap=100    rep=1
N=2 zcring  size=4096     n=25000   gap=100    rep=2
N=2 pipe    size=4096     n=25000   gap=100    rep=2
N=2 unix    size=4096     n=25000   gap=100    rep=2
N=2 zcring  size=4096     n=25000   gap=100    rep=3
N=2 pipe    size=4096     n=25000   gap=100    rep=3
N=2 unix    size=4096     n=25000   gap=100    rep=3
N=2 zcring  size=4096     n=25000   gap=100    rep=4
N=2 pipe    size=4096     n=25000   gap=100    rep=4
N=2 unix    size=4096     n=25000   gap=100    rep=4
N=2 zcring  size=4096     n=25000   gap=100    rep=5
N=2 pipe    size=4096     n=25000   gap=100    rep=5
N=2 unix    size=4096     n=25000   gap=100    rep=5
thermal gate: package at 85C, waiting for <60C...
thermal gate: at 59C after 15s, C-states redisabled, continuing
N=2 zcring  size=16384    n=25000   gap=100    rep=1
N=2 pipe    size=16384    n=25000   gap=100    rep=1
N=2 unix    size=16384    n=25000   gap=100    rep=1
N=2 zcring  size=16384    n=25000   gap=100    rep=2
N=2 pipe    size=16384    n=25000   gap=100    rep=2
N=2 unix    size=16384    n=25000   gap=100    rep=2
N=2 zcring  size=16384    n=25000   gap=100    rep=3
N=2 pipe    size=16384    n=25000   gap=100    rep=3
N=2 unix    size=16384    n=25000   gap=100    rep=3
N=2 zcring  size=16384    n=25000   gap=100    rep=4
N=2 pipe    size=16384    n=25000   gap=100    rep=4
N=2 unix    size=16384    n=25000   gap=100    rep=4
N=2 zcring  size=16384    n=25000   gap=100    rep=5
N=2 pipe    size=16384    n=25000   gap=100    rep=5
N=2 unix    size=16384    n=25000   gap=100    rep=5
thermal gate: package at 87C, waiting for <60C...
thermal gate: at 57C after 20s, C-states redisabled, continuing
N=2 zcring  size=65536    n=25000   gap=124    rep=1
N=2 pipe    size=65536    n=25000   gap=124    rep=1
N=2 unix    size=65536    n=25000   gap=124    rep=1
N=2 zcring  size=65536    n=25000   gap=124    rep=2
N=2 pipe    size=65536    n=25000   gap=124    rep=2
N=2 unix    size=65536    n=25000   gap=124    rep=2
N=2 zcring  size=65536    n=25000   gap=124    rep=3
N=2 pipe    size=65536    n=25000   gap=124    rep=3
N=2 unix    size=65536    n=25000   gap=124    rep=3
N=2 zcring  size=65536    n=25000   gap=124    rep=4
N=2 pipe    size=65536    n=25000   gap=124    rep=4
N=2 unix    size=65536    n=25000   gap=124    rep=4
N=2 zcring  size=65536    n=25000   gap=124    rep=5
N=2 pipe    size=65536    n=25000   gap=124    rep=5
N=2 unix    size=65536    n=25000   gap=124    rep=5
thermal gate: package at 86C, waiting for <60C...
thermal gate: at 59C after 15s, C-states redisabled, continuing
N=2 zcring  size=262144   n=2500    gap=500    rep=1
N=2 pipe    size=262144   n=2500    gap=500    rep=1
N=2 unix    size=262144   n=2500    gap=500    rep=1
N=2 zcring  size=262144   n=2500    gap=500    rep=2
N=2 pipe    size=262144   n=2500    gap=500    rep=2
N=2 unix    size=262144   n=2500    gap=500    rep=2
N=2 zcring  size=262144   n=2500    gap=500    rep=3
N=2 pipe    size=262144   n=2500    gap=500    rep=3
N=2 unix    size=262144   n=2500    gap=500    rep=3
N=2 zcring  size=262144   n=2500    gap=500    rep=4
N=2 pipe    size=262144   n=2500    gap=500    rep=4
N=2 unix    size=262144   n=2500    gap=500    rep=4
N=2 zcring  size=262144   n=2500    gap=500    rep=5
N=2 pipe    size=262144   n=2500    gap=500    rep=5
N=2 unix    size=262144   n=2500    gap=500    rep=5
thermal gate: package at 84C, waiting for <60C...
thermal gate: at 59C after 15s, C-states redisabled, continuing
N=2 zcring  size=1048576  n=625     gap=2000   rep=1
N=2 pipe    size=1048576  n=625     gap=2000   rep=1
N=2 unix    size=1048576  n=625     gap=2000   rep=1
N=2 zcring  size=1048576  n=625     gap=2000   rep=2
N=2 pipe    size=1048576  n=625     gap=2000   rep=2
N=2 unix    size=1048576  n=625     gap=2000   rep=2
N=2 zcring  size=1048576  n=625     gap=2000   rep=3
N=2 pipe    size=1048576  n=625     gap=2000   rep=3
N=2 unix    size=1048576  n=625     gap=2000   rep=3
N=2 zcring  size=1048576  n=625     gap=2000   rep=4
N=2 pipe    size=1048576  n=625     gap=2000   rep=4
N=2 unix    size=1048576  n=625     gap=2000   rep=4
N=2 zcring  size=1048576  n=625     gap=2000   rep=5
N=2 pipe    size=1048576  n=625     gap=2000   rep=5
N=2 unix    size=1048576  n=625     gap=2000   rep=5
thermal gate: package at 84C, waiting for <60C...
thermal gate: at 59C after 15s, C-states redisabled, continuing
N=4 zcring  size=64       n=12500   gap=100    rep=1
N=4 pipe    size=64       n=12500   gap=100    rep=1
N=4 unix    size=64       n=12500   gap=100    rep=1
N=4 zcring  size=64       n=12500   gap=100    rep=2
N=4 pipe    size=64       n=12500   gap=100    rep=2
N=4 unix    size=64       n=12500   gap=100    rep=2
N=4 zcring  size=64       n=12500   gap=100    rep=3
N=4 pipe    size=64       n=12500   gap=100    rep=3
N=4 unix    size=64       n=12500   gap=100    rep=3
N=4 zcring  size=64       n=12500   gap=100    rep=4
N=4 pipe    size=64       n=12500   gap=100    rep=4
N=4 unix    size=64       n=12500   gap=100    rep=4
N=4 zcring  size=64       n=12500   gap=100    rep=5
N=4 pipe    size=64       n=12500   gap=100    rep=5
N=4 unix    size=64       n=12500   gap=100    rep=5
thermal gate: package at 83C, waiting for <60C...
thermal gate: at 58C after 10s, C-states redisabled, continuing
N=4 zcring  size=256      n=12500   gap=100    rep=1
N=4 pipe    size=256      n=12500   gap=100    rep=1
N=4 unix    size=256      n=12500   gap=100    rep=1
N=4 zcring  size=256      n=12500   gap=100    rep=2
N=4 pipe    size=256      n=12500   gap=100    rep=2
N=4 unix    size=256      n=12500   gap=100    rep=2
N=4 zcring  size=256      n=12500   gap=100    rep=3
N=4 pipe    size=256      n=12500   gap=100    rep=3
N=4 unix    size=256      n=12500   gap=100    rep=3
N=4 zcring  size=256      n=12500   gap=100    rep=4
N=4 pipe    size=256      n=12500   gap=100    rep=4
N=4 unix    size=256      n=12500   gap=100    rep=4
N=4 zcring  size=256      n=12500   gap=100    rep=5
N=4 pipe    size=256      n=12500   gap=100    rep=5
N=4 unix    size=256      n=12500   gap=100    rep=5
thermal gate: package at 81C, waiting for <60C...
thermal gate: at 59C after 5s, C-states redisabled, continuing
N=4 zcring  size=1024     n=12500   gap=100    rep=1
N=4 pipe    size=1024     n=12500   gap=100    rep=1
N=4 unix    size=1024     n=12500   gap=100    rep=1
N=4 zcring  size=1024     n=12500   gap=100    rep=2
N=4 pipe    size=1024     n=12500   gap=100    rep=2
N=4 unix    size=1024     n=12500   gap=100    rep=2
N=4 zcring  size=1024     n=12500   gap=100    rep=3
N=4 pipe    size=1024     n=12500   gap=100    rep=3
N=4 unix    size=1024     n=12500   gap=100    rep=3
N=4 zcring  size=1024     n=12500   gap=100    rep=4
N=4 pipe    size=1024     n=12500   gap=100    rep=4
N=4 unix    size=1024     n=12500   gap=100    rep=4
N=4 zcring  size=1024     n=12500   gap=100    rep=5
N=4 pipe    size=1024     n=12500   gap=100    rep=5
N=4 unix    size=1024     n=12500   gap=100    rep=5
thermal gate: package at 81C, waiting for <60C...
thermal gate: at 57C after 10s, C-states redisabled, continuing
N=4 zcring  size=4096     n=12500   gap=100    rep=1
N=4 pipe    size=4096     n=12500   gap=100    rep=1
N=4 unix    size=4096     n=12500   gap=100    rep=1
N=4 zcring  size=4096     n=12500   gap=100    rep=2
N=4 pipe    size=4096     n=12500   gap=100    rep=2
N=4 unix    size=4096     n=12500   gap=100    rep=2
N=4 zcring  size=4096     n=12500   gap=100    rep=3
N=4 pipe    size=4096     n=12500   gap=100    rep=3
N=4 unix    size=4096     n=12500   gap=100    rep=3
N=4 zcring  size=4096     n=12500   gap=100    rep=4
N=4 pipe    size=4096     n=12500   gap=100    rep=4
N=4 unix    size=4096     n=12500   gap=100    rep=4
N=4 zcring  size=4096     n=12500   gap=100    rep=5
N=4 pipe    size=4096     n=12500   gap=100    rep=5
N=4 unix    size=4096     n=12500   gap=100    rep=5
thermal gate: package at 80C, waiting for <60C...
thermal gate: at 58C after 5s, C-states redisabled, continuing
N=4 zcring  size=16384    n=12500   gap=100    rep=1
N=4 pipe    size=16384    n=12500   gap=100    rep=1
N=4 unix    size=16384    n=12500   gap=100    rep=1
N=4 zcring  size=16384    n=12500   gap=100    rep=2
N=4 pipe    size=16384    n=12500   gap=100    rep=2
N=4 unix    size=16384    n=12500   gap=100    rep=2
N=4 zcring  size=16384    n=12500   gap=100    rep=3
N=4 pipe    size=16384    n=12500   gap=100    rep=3
N=4 unix    size=16384    n=12500   gap=100    rep=3
N=4 zcring  size=16384    n=12500   gap=100    rep=4
N=4 pipe    size=16384    n=12500   gap=100    rep=4
N=4 unix    size=16384    n=12500   gap=100    rep=4
N=4 zcring  size=16384    n=12500   gap=100    rep=5
N=4 pipe    size=16384    n=12500   gap=100    rep=5
N=4 unix    size=16384    n=12500   gap=100    rep=5
thermal gate: package at 82C, waiting for <60C...
thermal gate: at 59C after 5s, C-states redisabled, continuing
N=4 zcring  size=65536    n=12500   gap=124    rep=1
N=4 pipe    size=65536    n=12500   gap=124    rep=1
N=4 unix    size=65536    n=12500   gap=124    rep=1
N=4 zcring  size=65536    n=12500   gap=124    rep=2
N=4 pipe    size=65536    n=12500   gap=124    rep=2
N=4 unix    size=65536    n=12500   gap=124    rep=2
N=4 zcring  size=65536    n=12500   gap=124    rep=3
N=4 pipe    size=65536    n=12500   gap=124    rep=3
N=4 unix    size=65536    n=12500   gap=124    rep=3
N=4 zcring  size=65536    n=12500   gap=124    rep=4
N=4 pipe    size=65536    n=12500   gap=124    rep=4
N=4 unix    size=65536    n=12500   gap=124    rep=4
N=4 zcring  size=65536    n=12500   gap=124    rep=5
N=4 pipe    size=65536    n=12500   gap=124    rep=5
N=4 unix    size=65536    n=12500   gap=124    rep=5
thermal gate: package at 82C, waiting for <60C...
thermal gate: at 58C after 10s, C-states redisabled, continuing
N=4 zcring  size=262144   n=1250    gap=500    rep=1
N=4 pipe    size=262144   n=1250    gap=500    rep=1
N=4 unix    size=262144   n=1250    gap=500    rep=1
N=4 zcring  size=262144   n=1250    gap=500    rep=2
N=4 pipe    size=262144   n=1250    gap=500    rep=2
N=4 unix    size=262144   n=1250    gap=500    rep=2
N=4 zcring  size=262144   n=1250    gap=500    rep=3
N=4 pipe    size=262144   n=1250    gap=500    rep=3
N=4 unix    size=262144   n=1250    gap=500    rep=3
N=4 zcring  size=262144   n=1250    gap=500    rep=4
N=4 pipe    size=262144   n=1250    gap=500    rep=4
N=4 unix    size=262144   n=1250    gap=500    rep=4
N=4 zcring  size=262144   n=1250    gap=500    rep=5
N=4 pipe    size=262144   n=1250    gap=500    rep=5
N=4 unix    size=262144   n=1250    gap=500    rep=5
thermal gate: package at 82C, waiting for <60C...
thermal gate: at 57C after 10s, C-states redisabled, continuing
N=4 zcring  size=1048576  n=500     gap=2000   rep=1
N=4 pipe    size=1048576  n=500     gap=2000   rep=1
N=4 unix    size=1048576  n=500     gap=2000   rep=1
N=4 zcring  size=1048576  n=500     gap=2000   rep=2
N=4 pipe    size=1048576  n=500     gap=2000   rep=2
N=4 unix    size=1048576  n=500     gap=2000   rep=2
N=4 zcring  size=1048576  n=500     gap=2000   rep=3
N=4 pipe    size=1048576  n=500     gap=2000   rep=3
N=4 unix    size=1048576  n=500     gap=2000   rep=3
N=4 zcring  size=1048576  n=500     gap=2000   rep=4
N=4 pipe    size=1048576  n=500     gap=2000   rep=4
N=4 unix    size=1048576  n=500     gap=2000   rep=4
N=4 zcring  size=1048576  n=500     gap=2000   rep=5
N=4 pipe    size=1048576  n=500     gap=2000   rep=5
N=4 unix    size=1048576  n=500     gap=2000   rep=5

wrote results/fanout_verify.csv
