zcring waiter: notify
pinning: --cpu-prod=2 --cpu-cons=3
rate fraction: 25% of saturation
thermal gate: package at 73C, waiting for <60C...
thermal gate: at 57C after 5s, C-states redisabled, continuing
running zcring  size=64       n=20000   gap=100    rep=1
  learned[c0] spin=9929ns gap_ewma=97692ns wake_ewma=2151ns burn_ewma=12133ns waits=21857 blocks=21779 (99.6%) explores=198
thermal gate: package at 73C, waiting for <60C...
thermal gate: at 54C after 5s, C-states redisabled, continuing
running pipe    size=64       n=20000   gap=100    rep=1
thermal gate: package at 72C, waiting for <60C...
thermal gate: at 53C after 5s, C-states redisabled, continuing
running unix    size=64       n=20000   gap=100    rep=1
thermal gate: package at 70C, waiting for <60C...
thermal gate: at 52C after 5s, C-states redisabled, continuing
running zcring  size=256      n=20000   gap=100    rep=1
  learned[c0] spin=11489ns gap_ewma=97646ns wake_ewma=2169ns burn_ewma=14089ns waits=21942 blocks=21867 (99.7%) explores=186
thermal gate: package at 70C, waiting for <60C...
thermal gate: at 52C after 5s, C-states redisabled, continuing
running pipe    size=256      n=20000   gap=100    rep=1
thermal gate: package at 68C, waiting for <60C...
thermal gate: at 51C after 5s, C-states redisabled, continuing
running unix    size=256      n=20000   gap=100    rep=1
thermal gate: package at 68C, waiting for <60C...
thermal gate: at 50C after 5s, C-states redisabled, continuing
running zcring  size=1024     n=20000   gap=100    rep=1
  learned[c0] spin=10354ns gap_ewma=97622ns wake_ewma=2153ns burn_ewma=12221ns waits=21932 blocks=21852 (99.6%) explores=182
thermal gate: package at 67C, waiting for <60C...
thermal gate: at 50C after 5s, C-states redisabled, continuing
running pipe    size=1024     n=20000   gap=100    rep=1
thermal gate: package at 66C, waiting for <60C...
thermal gate: at 50C after 5s, C-states redisabled, continuing
running unix    size=1024     n=20000   gap=100    rep=1
thermal gate: package at 64C, waiting for <60C...
thermal gate: at 51C after 5s, C-states redisabled, continuing
running zcring  size=4096     n=20000   gap=100    rep=1
  learned[c0] spin=10206ns gap_ewma=97307ns wake_ewma=2149ns burn_ewma=11403ns waits=21932 blocks=21850 (99.6%) explores=185
thermal gate: package at 66C, waiting for <60C...
thermal gate: at 48C after 5s, C-states redisabled, continuing
running pipe    size=4096     n=20000   gap=100    rep=1
thermal gate: package at 66C, waiting for <60C...
thermal gate: at 49C after 5s, C-states redisabled, continuing
running unix    size=4096     n=20000   gap=100    rep=1
thermal gate: package at 65C, waiting for <60C...
thermal gate: at 48C after 5s, C-states redisabled, continuing
running zcring  size=16384    n=20000   gap=100    rep=1
  learned[c0] spin=8440ns gap_ewma=96176ns wake_ewma=2184ns burn_ewma=12153ns waits=21941 blocks=21865 (99.7%) explores=170
thermal gate: package at 64C, waiting for <60C...
thermal gate: at 48C after 5s, C-states redisabled, continuing
running pipe    size=16384    n=20000   gap=100    rep=1
thermal gate: package at 64C, waiting for <60C...
thermal gate: at 48C after 5s, C-states redisabled, continuing
running unix    size=16384    n=20000   gap=100    rep=1
thermal gate: package at 65C, waiting for <60C...
thermal gate: at 48C after 5s, C-states redisabled, continuing
running zcring  size=65536    n=20000   gap=124    rep=1
  learned[c0] spin=15167ns gap_ewma=117169ns wake_ewma=2272ns burn_ewma=14935ns waits=21975 blocks=21868 (99.5%) explores=175
thermal gate: package at 65C, waiting for <60C...
thermal gate: at 47C after 5s, C-states redisabled, continuing
running pipe    size=65536    n=20000   gap=124    rep=1
thermal gate: package at 63C, waiting for <60C...
thermal gate: at 48C after 5s, C-states redisabled, continuing
running unix    size=65536    n=20000   gap=124    rep=1
thermal gate: package at 65C, waiting for <60C...
thermal gate: at 47C after 5s, C-states redisabled, continuing
running zcring  size=262144   n=2000    gap=500    rep=1
  learned[c0] spin=55277ns gap_ewma=515812ns wake_ewma=2586ns burn_ewma=53069ns waits=3998 blocks=3986 (99.7%) explores=35
thermal gate: package at 64C, waiting for <60C...
thermal gate: at 47C after 5s, C-states redisabled, continuing
running pipe    size=262144   n=2000    gap=500    rep=1
thermal gate: package at 64C, waiting for <60C...
thermal gate: at 47C after 5s, C-states redisabled, continuing
running unix    size=262144   n=2000    gap=500    rep=1
thermal gate: package at 62C, waiting for <60C...
thermal gate: at 47C after 5s, C-states redisabled, continuing
running zcring  size=1048576  n=500     gap=2000   rep=1
  learned[c0] spin=173937ns gap_ewma=1949400ns wake_ewma=3204ns burn_ewma=314328ns waits=2500 blocks=2489 (99.6%) explores=24
thermal gate: package at 63C, waiting for <60C...
thermal gate: at 49C after 5s, C-states redisabled, continuing
running pipe    size=1048576  n=500     gap=2000   rep=1
thermal gate: package at 65C, waiting for <60C...
thermal gate: at 49C after 5s, C-states redisabled, continuing
running unix    size=1048576  n=500     gap=2000   rep=1

wrote results/sweep_notifyREPS=3.csv
transport  size     mean_ns  p50_ns  p99_ns  p999_ns  p9999_ns  max_ns
zcring     64       7205     2344    3369    1151712  1348383   1351540
pipe       64       7180     2174    2910    1168935  1363672   1368198
unix       64       7766     3153    3801    1124314  1322805   1329069
zcring     256      3117     2370    2685    249696   1182631   1382466
pipe       256      3780     2204    2547    627297   1236795   1336311
unix       256      4089     3225    3597    333671   1127943   1326267
zcring     1024     3708     2466    2780    621904   1223463   1323348
pipe       1024     6138     2340    2780    1164467  1365595   1373128
unix       1024     7908     3423    4108    1159008  1357161   1362767
zcring     4096     4234     2902    3474    460010   1054903   1254258
pipe       4096     5166     2750    3100    823520   1319787   1328251
unix       4096     5638     4237    4889    539610   1140271   1238122
zcring     16384    7287     5904    6553    477709   1075091   1264685
pipe       16384    7164     5660    7310    409665   1089331   1282440
unix       16384    7012     6230    7733    309495   505882    509991
zcring     65536    15820    15295   17418   212436   528213    562530
pipe       65536    21464    17687   166082  399926   1038666   1287911
unix       65536    15663    13061   47456   1019599  1365460   1402256
zcring     262144   50351    49499   51355   93679    1051168   1051168
pipe       262144   85984    75767   279846  553279   1343537   1343537
unix       262144   35056    32328   66998   197475   1382497   1382497
zcring     1048576  189095   187971  194222  667399   667399    667399
pipe       1048576  389444   351754  569569  1806581  1806581   1806581
unix       1048576  160223   154884  199628  536339   536339    536339
