pinning: --cpu-prod=2 --cpu-cons=3
rate fraction: 25% of saturation
thermal gate: package at 74C, waiting for <60C...
thermal gate: at 57C after 5s, C-states redisabled, continuing
running zcring  size=64       n=20000   gap=100    rep=1
thermal gate: package at 78C, waiting for <60C...
thermal gate: at 55C after 5s, C-states redisabled, continuing
running pipe    size=64       n=20000   gap=100    rep=1
thermal gate: package at 74C, waiting for <60C...
thermal gate: at 54C after 5s, C-states redisabled, continuing
running unix    size=64       n=20000   gap=100    rep=1
thermal gate: package at 72C, waiting for <60C...
thermal gate: at 52C after 5s, C-states redisabled, continuing
running zcring  size=256      n=20000   gap=100    rep=1
thermal gate: package at 74C, waiting for <60C...
thermal gate: at 52C after 5s, C-states redisabled, continuing
running pipe    size=256      n=20000   gap=100    rep=1
thermal gate: package at 70C, waiting for <60C...
thermal gate: at 52C after 5s, C-states redisabled, continuing
running unix    size=256      n=20000   gap=100    rep=1
thermal gate: package at 67C, waiting for <60C...
thermal gate: at 52C after 5s, C-states redisabled, continuing
running zcring  size=1024     n=20000   gap=100    rep=1
thermal gate: package at 72C, waiting for <60C...
thermal gate: at 51C after 5s, C-states redisabled, continuing
running pipe    size=1024     n=20000   gap=100    rep=1
thermal gate: package at 68C, waiting for <60C...
thermal gate: at 50C after 5s, C-states redisabled, continuing
running unix    size=1024     n=20000   gap=100    rep=1
thermal gate: package at 65C, waiting for <60C...
thermal gate: at 50C after 5s, C-states redisabled, continuing
running zcring  size=4096     n=20000   gap=100    rep=1
thermal gate: package at 70C, waiting for <60C...
thermal gate: at 50C after 5s, C-states redisabled, continuing
running pipe    size=4096     n=20000   gap=100    rep=1
thermal gate: package at 67C, waiting for <60C...
thermal gate: at 49C after 5s, C-states redisabled, continuing
running unix    size=4096     n=20000   gap=100    rep=1
thermal gate: package at 66C, waiting for <60C...
thermal gate: at 48C after 5s, C-states redisabled, continuing
running zcring  size=16384    n=20000   gap=100    rep=1
thermal gate: package at 68C, waiting for <60C...
thermal gate: at 49C after 5s, C-states redisabled, continuing
running pipe    size=16384    n=20000   gap=100    rep=1
thermal gate: package at 65C, waiting for <60C...
thermal gate: at 50C after 5s, C-states redisabled, continuing
running unix    size=16384    n=20000   gap=100    rep=1
thermal gate: package at 64C, waiting for <60C...
thermal gate: at 47C after 5s, C-states redisabled, continuing
running zcring  size=65536    n=20000   gap=124    rep=1
thermal gate: package at 66C, waiting for <60C...
thermal gate: at 48C after 5s, C-states redisabled, continuing
running pipe    size=65536    n=20000   gap=124    rep=1
thermal gate: package at 63C, waiting for <60C...
thermal gate: at 48C after 5s, C-states redisabled, continuing
running unix    size=65536    n=20000   gap=124    rep=1
thermal gate: package at 64C, waiting for <60C...
thermal gate: at 47C after 5s, C-states redisabled, continuing
running zcring  size=262144   n=2000    gap=500    rep=1
thermal gate: package at 67C, waiting for <60C...
thermal gate: at 48C after 5s, C-states redisabled, continuing
running pipe    size=262144   n=2000    gap=500    rep=1
thermal gate: package at 63C, waiting for <60C...
thermal gate: at 48C after 5s, C-states redisabled, continuing
running unix    size=262144   n=2000    gap=500    rep=1
thermal gate: package at 63C, waiting for <60C...
thermal gate: at 47C after 5s, C-states redisabled, continuing
running zcring  size=1048576  n=500     gap=2000   rep=1
thermal gate: package at 68C, waiting for <60C...
thermal gate: at 48C after 5s, C-states redisabled, continuing
running pipe    size=1048576  n=500     gap=2000   rep=1
thermal gate: package at 65C, waiting for <60C...
thermal gate: at 50C after 5s, C-states redisabled, continuing
running unix    size=1048576  n=500     gap=2000   rep=1

wrote results/sweep_verify.csv
transport  size     mean_ns  p50_ns  p99_ns  p999_ns  p9999_ns  max_ns
zcring     64       896      112     131     315369   511709    515220
pipe       64       4501     2042    2318    913773   1306660   1312548
unix       64       3998     3028    3355    429751   926368    1049812
zcring     256      822      131     159     278450   477059    478325
pipe       256      4615     2065    2498    914638   1312160   1313507
unix       256      4761     3124    3534    783422   1377582   1381238
zcring     1024     304      230     275     527      258503    458194
pipe       1024     3303     2183    2434    406134   904362    1003332
unix       1024     6327     3278    3863    1062677  1381886   1388408
zcring     4096     1051     629     1068    89002    485577    487403
pipe       4096     3251     2604    2882    205973   934374    1033052
unix       4096     7107     4046    5001    1066011  1365893   1370966
zcring     16384    3884     3610    4024    4521     499535    506458
pipe       16384    6672     5429    6887    156835   1296199   1393710
unix       16384    8886     6048    7550    1021273  1397032   1400219
zcring     65536    13906    13107   14688   354868   538575    559448
pipe       65536    20968    17015   158573  327465   1360132   1403514
unix       65536    15487    12820   44594   986145   1350527   1399407
zcring     262144   47050    47024   48420   50573    52572     52572
pipe       262144   80976    72815   246401  378003   983573    983573
unix       262144   35536    32062   63980   1107453  1132894   1132894
zcring     1048576  185268   184774  195012  227905   227905    227905
pipe       1048576  380733   341189  890128  1693824  1693824   1693824
unix       1048576  160139   153164  195051  1137924  1137924   1137924
